<?xml version="1.0" encoding="ISO-8859-1" ?>
<link_info>
   <banner>TI ARM Linker PC v20.2.7.LTS</banner>
   <copyright>Copyright (c) 1996-2018 Texas Instruments Incorporated</copyright>
   <link_time>0x6615ddf2</link_time>
   <link_errors>0x0</link_errors>
   <output_file>Free_RTOS1.out</output_file>
   <entry_point>
      <name>_c_int00_noargs</name>
      <address>0x437d</address>
   </entry_point>
   <input_file_list>
      <input_file id="fl-2">
         <path>.\</path>
         <kind>object</kind>
         <file>adc.obj</file>
         <name>adc.obj</name>
      </input_file>
      <input_file id="fl-3">
         <path>.\</path>
         <kind>object</kind>
         <file>main.obj</file>
         <name>main.obj</name>
      </input_file>
      <input_file id="fl-4">
         <path>.\GPIO\</path>
         <kind>object</kind>
         <file>gpio.obj</file>
         <name>gpio.obj</name>
      </input_file>
      <input_file id="fl-5">
         <path>.\GPTM\</path>
         <kind>object</kind>
         <file>GPTM.obj</file>
         <name>GPTM.obj</name>
      </input_file>
      <input_file id="fl-6">
         <path>.\Source\</path>
         <kind>object</kind>
         <file>event_groups.obj</file>
         <name>event_groups.obj</name>
      </input_file>
      <input_file id="fl-7">
         <path>.\Source\</path>
         <kind>object</kind>
         <file>list.obj</file>
         <name>list.obj</name>
      </input_file>
      <input_file id="fl-8">
         <path>.\Source\</path>
         <kind>object</kind>
         <file>queue.obj</file>
         <name>queue.obj</name>
      </input_file>
      <input_file id="fl-9">
         <path>.\Source\</path>
         <kind>object</kind>
         <file>tasks.obj</file>
         <name>tasks.obj</name>
      </input_file>
      <input_file id="fl-a">
         <path>.\Source\</path>
         <kind>object</kind>
         <file>timers.obj</file>
         <name>timers.obj</name>
      </input_file>
      <input_file id="fl-b">
         <path>.\Source\portable\CCS\ARM_CM4F\</path>
         <kind>object</kind>
         <file>port.obj</file>
         <name>port.obj</name>
      </input_file>
      <input_file id="fl-c">
         <path>.\Source\portable\CCS\ARM_CM4F\</path>
         <kind>object</kind>
         <file>portasm.obj</file>
         <name>portasm.obj</name>
      </input_file>
      <input_file id="fl-d">
         <path>.\Source\portable\MemMang\</path>
         <kind>object</kind>
         <file>heap_1.obj</file>
         <name>heap_1.obj</name>
      </input_file>
      <input_file id="fl-e">
         <path>.\UART\</path>
         <kind>object</kind>
         <file>uart0.obj</file>
         <name>uart0.obj</name>
      </input_file>
      <input_file id="fl-12">
         <kind>object</kind>
         <file>&lt;internal&gt;</file>
         <name>&lt;internal&gt;</name>
      </input_file>
      <input_file id="fl-c8">
         <path>C:\ti\ccs1260\ccs\tools\compiler\ti-cgt-arm_20.2.7.LTS\lib\</path>
         <kind>archive</kind>
         <file>rtsv7M4_T_le_v4SPD16_eabi.lib</file>
         <name>memcpy_t2.asm.obj</name>
      </input_file>
      <input_file id="fl-c9">
         <path>C:\ti\ccs1260\ccs\tools\compiler\ti-cgt-arm_20.2.7.LTS\lib\</path>
         <kind>archive</kind>
         <file>rtsv7M4_T_le_v4SPD16_eabi.lib</file>
         <name>memset_t2.asm.obj</name>
      </input_file>
      <input_file id="fl-ca">
         <path>C:\ti\ccs1260\ccs\tools\compiler\ti-cgt-arm_20.2.7.LTS\lib\</path>
         <kind>archive</kind>
         <file>rtsv7M4_T_le_v4SPD16_eabi.lib</file>
         <name>ll_div_t2.asm.obj</name>
      </input_file>
      <input_file id="fl-cb">
         <path>C:\ti\ccs1260\ccs\tools\compiler\ti-cgt-arm_20.2.7.LTS\lib\</path>
         <kind>archive</kind>
         <file>rtsv7M4_T_le_v4SPD16_eabi.lib</file>
         <name>ull_div_t2.asm.obj</name>
      </input_file>
      <input_file id="fl-cc">
         <path>C:\ti\ccs1260\ccs\tools\compiler\ti-cgt-arm_20.2.7.LTS\lib\</path>
         <kind>archive</kind>
         <file>rtsv7M4_T_le_v4SPD16_eabi.lib</file>
         <name>copy_zero_init.c.obj</name>
      </input_file>
      <input_file id="fl-cd">
         <path>C:\ti\ccs1260\ccs\tools\compiler\ti-cgt-arm_20.2.7.LTS\lib\</path>
         <kind>archive</kind>
         <file>rtsv7M4_T_le_v4SPD16_eabi.lib</file>
         <name>copy_decompress_none.c.obj</name>
      </input_file>
      <input_file id="fl-ce">
         <path>C:\ti\ccs1260\ccs\tools\compiler\ti-cgt-arm_20.2.7.LTS\lib\</path>
         <kind>archive</kind>
         <file>rtsv7M4_T_le_v4SPD16_eabi.lib</file>
         <name>copy_decompress_lzss.c.obj</name>
      </input_file>
      <input_file id="fl-cf">
         <path>C:\ti\ccs1260\ccs\tools\compiler\ti-cgt-arm_20.2.7.LTS\lib\</path>
         <kind>archive</kind>
         <file>rtsv7M4_T_le_v4SPD16_eabi.lib</file>
         <name>boot_cortex_m.c.obj</name>
      </input_file>
      <input_file id="fl-d0">
         <path>C:\ti\ccs1260\ccs\tools\compiler\ti-cgt-arm_20.2.7.LTS\lib\</path>
         <kind>archive</kind>
         <file>rtsv7M4_T_le_v4SPD16_eabi.lib</file>
         <name>div0.asm.obj</name>
      </input_file>
      <input_file id="fl-d1">
         <path>C:\ti\ccs1260\ccs\tools\compiler\ti-cgt-arm_20.2.7.LTS\lib\</path>
         <kind>archive</kind>
         <file>rtsv7M4_T_le_v4SPD16_eabi.lib</file>
         <name>autoinit.c.obj</name>
      </input_file>
      <input_file id="fl-d2">
         <path>C:\ti\ccs1260\ccs\tools\compiler\ti-cgt-arm_20.2.7.LTS\lib\</path>
         <kind>archive</kind>
         <file>rtsv7M4_T_le_v4SPD16_eabi.lib</file>
         <name>pre_init.c.obj</name>
      </input_file>
      <input_file id="fl-d3">
         <path>C:\ti\ccs1260\ccs\tools\compiler\ti-cgt-arm_20.2.7.LTS\lib\</path>
         <kind>archive</kind>
         <file>rtsv7M4_T_le_v4SPD16_eabi.lib</file>
         <name>cpy_tbl.c.obj</name>
      </input_file>
      <input_file id="fl-d4">
         <path>C:\ti\ccs1260\ccs\tools\compiler\ti-cgt-arm_20.2.7.LTS\lib\</path>
         <kind>archive</kind>
         <file>rtsv7M4_T_le_v4SPD16_eabi.lib</file>
         <name>exit.c.obj</name>
      </input_file>
      <input_file id="fl-d5">
         <path>C:\ti\ccs1260\ccs\tools\compiler\ti-cgt-arm_20.2.7.LTS\lib\</path>
         <kind>archive</kind>
         <file>rtsv7M4_T_le_v4SPD16_eabi.lib</file>
         <name>_lock.c.obj</name>
      </input_file>
      <input_file id="fl-d6">
         <path>C:\ti\ccs1260\ccs\tools\compiler\ti-cgt-arm_20.2.7.LTS\lib\</path>
         <kind>archive</kind>
         <file>rtsv7M4_T_le_v4SPD16_eabi.lib</file>
         <name>args_main.c.obj</name>
      </input_file>
   </input_file_list>
   <object_component_list>
      <object_component id="oc-aa">
         <name>.text</name>
         <load_address>0x0</load_address>
         <run_address>0x0</run_address>
         <size>0x1744</size>
         <input_file_ref idref="fl-9"/>
      </object_component>
      <object_component id="oc-a4">
         <name>.text</name>
         <load_address>0x1744</load_address>
         <run_address>0x1744</run_address>
         <size>0xf2e</size>
         <input_file_ref idref="fl-8"/>
      </object_component>
      <object_component id="oc-20d">
         <name>.text</name>
         <load_address>0x2672</load_address>
         <run_address>0x2672</run_address>
         <size>0x2</size>
         <input_file_ref idref="fl-d0"/>
      </object_component>
      <object_component id="oc-82">
         <name>.text</name>
         <load_address>0x2674</load_address>
         <run_address>0x2674</run_address>
         <size>0x890</size>
         <input_file_ref idref="fl-3"/>
      </object_component>
      <object_component id="oc-138">
         <name>.text</name>
         <load_address>0x2f04</load_address>
         <run_address>0x2f04</run_address>
         <size>0x7bc</size>
         <input_file_ref idref="fl-a"/>
      </object_component>
      <object_component id="oc-115">
         <name>.text</name>
         <load_address>0x36c0</load_address>
         <run_address>0x36c0</run_address>
         <size>0x2b4</size>
         <input_file_ref idref="fl-b"/>
      </object_component>
      <object_component id="oc-b0">
         <name>.text</name>
         <load_address>0x3974</load_address>
         <run_address>0x3974</run_address>
         <size>0x1dc</size>
         <input_file_ref idref="fl-4"/>
      </object_component>
      <object_component id="oc-b6">
         <name>.text</name>
         <load_address>0x3b50</load_address>
         <run_address>0x3b50</run_address>
         <size>0x1c8</size>
         <input_file_ref idref="fl-e"/>
      </object_component>
      <object_component id="oc-11b">
         <name>.text</name>
         <load_address>0x3d18</load_address>
         <run_address>0x3d18</run_address>
         <size>0x12a</size>
         <input_file_ref idref="fl-7"/>
      </object_component>
      <object_component id="oc-1b2">
         <name>.text</name>
         <load_address>0x3e44</load_address>
         <run_address>0x3e44</run_address>
         <size>0xda</size>
         <input_file_ref idref="fl-c"/>
      </object_component>
      <object_component id="oc-121">
         <name>.text</name>
         <load_address>0x3f20</load_address>
         <run_address>0x3f20</run_address>
         <size>0xd0</size>
         <input_file_ref idref="fl-d"/>
      </object_component>
      <object_component id="oc-bc">
         <name>.text</name>
         <load_address>0x3ff0</load_address>
         <run_address>0x3ff0</run_address>
         <size>0xc4</size>
         <input_file_ref idref="fl-2"/>
      </object_component>
      <object_component id="oc-2f">
         <name>.text</name>
         <load_address>0x40b4</load_address>
         <run_address>0x40b4</run_address>
         <size>0x9c</size>
         <input_file_ref idref="fl-c8"/>
      </object_component>
      <object_component id="oc-212">
         <name>.text</name>
         <load_address>0x4150</load_address>
         <run_address>0x4150</run_address>
         <size>0x96</size>
         <input_file_ref idref="fl-cb"/>
      </object_component>
      <object_component id="oc-76">
         <name>.text</name>
         <load_address>0x41e6</load_address>
         <run_address>0x41e6</run_address>
         <size>0x7a</size>
         <input_file_ref idref="fl-c9"/>
      </object_component>
      <object_component id="oc-165">
         <name>.text</name>
         <load_address>0x4260</load_address>
         <run_address>0x4260</run_address>
         <size>0x6e</size>
         <input_file_ref idref="fl-ca"/>
      </object_component>
      <object_component id="oc-12">
         <name>.text:decompress:lzss:__TI_decompress_lzss</name>
         <load_address>0x42ce</load_address>
         <run_address>0x42ce</run_address>
         <size>0x68</size>
         <input_file_ref idref="fl-ce"/>
      </object_component>
      <object_component id="oc-e3">
         <name>.text:__TI_auto_init_nobinit_nopinit:__TI_auto_init_nobinit_nopinit</name>
         <load_address>0x4338</load_address>
         <run_address>0x4338</run_address>
         <size>0x44</size>
         <input_file_ref idref="fl-d1"/>
      </object_component>
      <object_component id="oc-4d">
         <name>.text:_c_int00_noargs:_c_int00_noargs</name>
         <load_address>0x437c</load_address>
         <run_address>0x437c</run_address>
         <size>0x34</size>
         <input_file_ref idref="fl-cf"/>
      </object_component>
      <object_component id="oc-18">
         <name>.text:decompress:none:__TI_decompress_none</name>
         <load_address>0x43b0</load_address>
         <run_address>0x43b0</run_address>
         <size>0xe</size>
         <input_file_ref idref="fl-cd"/>
      </object_component>
      <object_component id="oc-41">
         <name>.text:decompress:ZI:__TI_zero_init</name>
         <load_address>0x43be</load_address>
         <run_address>0x43be</run_address>
         <size>0xc</size>
         <input_file_ref idref="fl-cc"/>
      </object_component>
      <object_component id="oc-7c">
         <name>.text:_system_pre_init</name>
         <load_address>0x43ca</load_address>
         <run_address>0x43ca</run_address>
         <size>0x4</size>
         <input_file_ref idref="fl-d2"/>
      </object_component>
      <object_component id="oc-d7">
         <name>.text:abort:abort</name>
         <load_address>0x43ce</load_address>
         <run_address>0x43ce</run_address>
         <size>0x4</size>
         <input_file_ref idref="fl-d4"/>
      </object_component>
      <object_component id="oc-1ba">
         <name>.const</name>
         <load_address>0x43d4</load_address>
         <run_address>0x43d4</run_address>
         <size>0x8</size>
         <input_file_ref idref="fl-b"/>
      </object_component>
      <object_component id="oc-144">
         <name>.const</name>
         <load_address>0x43dc</load_address>
         <run_address>0x43dc</run_address>
         <size>0x4</size>
         <input_file_ref idref="fl-9"/>
      </object_component>
      <object_component id="oc-29c">
         <name>.cinit..data.load</name>
         <load_address>0x43e0</load_address>
         <run_address>0x43e0</run_address>
         <size>0x13</size>
      </object_component>
      <object_component id="oc-29a">
         <name>__TI_handler_table</name>
         <load_address>0x43f4</load_address>
         <run_address>0x43f4</run_address>
         <size>0xc</size>
      </object_component>
      <object_component id="oc-29d">
         <name>.cinit..bss.load</name>
         <load_address>0x4400</load_address>
         <run_address>0x4400</run_address>
         <size>0x8</size>
      </object_component>
      <object_component id="oc-29b">
         <name>__TI_cinit_table</name>
         <load_address>0x4408</load_address>
         <run_address>0x4408</run_address>
         <size>0x10</size>
      </object_component>
      <object_component id="oc-13e">
         <name>.data</name>
         <load_address>0x200012f0</load_address>
         <run_address>0x200012f0</run_address>
         <size>0x30</size>
         <input_file_ref idref="fl-9"/>
      </object_component>
      <object_component id="oc-1db">
         <name>.data</name>
         <load_address>0x2000132c</load_address>
         <run_address>0x2000132c</run_address>
         <size>0xc</size>
         <input_file_ref idref="fl-a"/>
      </object_component>
      <object_component id="oc-1b7">
         <name>.data</name>
         <load_address>0x20001320</load_address>
         <run_address>0x20001320</run_address>
         <size>0xc</size>
         <input_file_ref idref="fl-b"/>
      </object_component>
      <object_component id="oc-1c1">
         <name>.data</name>
         <load_address>0x20001338</load_address>
         <run_address>0x20001338</run_address>
         <size>0x8</size>
         <input_file_ref idref="fl-d"/>
      </object_component>
      <object_component id="oc-141">
         <name>.bss:pxReadyTasksLists</name>
         <uninitialized>true</uninitialized>
         <run_address>0x20001000</run_address>
         <size>0x64</size>
         <input_file_ref idref="fl-9"/>
      </object_component>
      <object_component id="oc-14d">
         <name>.bss:xDelayedTaskList1</name>
         <uninitialized>true</uninitialized>
         <run_address>0x2000108c</run_address>
         <size>0x14</size>
         <input_file_ref idref="fl-9"/>
      </object_component>
      <object_component id="oc-150">
         <name>.bss:xDelayedTaskList2</name>
         <uninitialized>true</uninitialized>
         <run_address>0x200010a0</run_address>
         <size>0x14</size>
         <input_file_ref idref="fl-9"/>
      </object_component>
      <object_component id="oc-14a">
         <name>.bss</name>
         <uninitialized>true</uninitialized>
         <run_address>0x200010c8</run_address>
         <size>0x8</size>
         <input_file_ref idref="fl-9"/>
      </object_component>
      <object_component id="oc-147">
         <name>.bss:xPendingReadyList</name>
         <uninitialized>true</uninitialized>
         <run_address>0x200010b4</run_address>
         <size>0x14</size>
         <input_file_ref idref="fl-9"/>
      </object_component>
      <object_component id="oc-1e1">
         <name>.bss:xActiveTimerList1</name>
         <uninitialized>true</uninitialized>
         <run_address>0x20001064</run_address>
         <size>0x14</size>
         <input_file_ref idref="fl-a"/>
      </object_component>
      <object_component id="oc-1e4">
         <name>.bss:xActiveTimerList2</name>
         <uninitialized>true</uninitialized>
         <run_address>0x20001078</run_address>
         <size>0x14</size>
         <input_file_ref idref="fl-a"/>
      </object_component>
      <object_component id="oc-1de">
         <name>.bss</name>
         <uninitialized>true</uninitialized>
         <run_address>0x200010d0</run_address>
         <size>0x8</size>
         <input_file_ref idref="fl-a"/>
      </object_component>
      <object_component id="oc-1c4">
         <name>.bss:ucHeap</name>
         <uninitialized>true</uninitialized>
         <run_address>0x20000000</run_address>
         <size>0x1000</size>
         <input_file_ref idref="fl-d"/>
      </object_component>
      <object_component id="oc-c5">
         <name>.common:offlevelsemaphore</name>
         <uninitialized>true</uninitialized>
         <run_address>0x200010e8</run_address>
         <size>0x4</size>
      </object_component>
      <object_component id="oc-c6">
         <name>.common:lowlevelsemaphore</name>
         <uninitialized>true</uninitialized>
         <run_address>0x200010e0</run_address>
         <size>0x4</size>
      </object_component>
      <object_component id="oc-c7">
         <name>.common:mediumlevelsemaphore</name>
         <uninitialized>true</uninitialized>
         <run_address>0x200010e4</run_address>
         <size>0x4</size>
      </object_component>
      <object_component id="oc-c8">
         <name>.common:highlevelsemaphore</name>
         <uninitialized>true</uninitialized>
         <run_address>0x200010d8</run_address>
         <size>0x4</size>
      </object_component>
      <object_component id="oc-c2">
         <name>.common:lcdsemaphore</name>
         <uninitialized>true</uninitialized>
         <run_address>0x200010dc</run_address>
         <size>0x4</size>
      </object_component>
      <object_component id="oc-cb">
         <name>.common:activeuser</name>
         <uninitialized>true</uninitialized>
         <run_address>0x200010ed</run_address>
         <size>0x1</size>
      </object_component>
      <object_component id="oc-c9">
         <name>.common:driverPressCount</name>
         <uninitialized>true</uninitialized>
         <run_address>0x200010ee</run_address>
         <size>0x1</size>
      </object_component>
      <object_component id="oc-ca">
         <name>.common:PassengerPressCount</name>
         <uninitialized>true</uninitialized>
         <run_address>0x200010ec</run_address>
         <size>0x1</size>
      </object_component>
      <object_component id="oc-21">
         <name>.stack</name>
         <uninitialized>true</uninitialized>
         <run_address>0x200010f0</run_address>
         <size>0x4</size>
         <input_file_ref idref="fl-cf"/>
      </object_component>
      <object_component id="oc-29f">
         <name>.stack</name>
         <uninitialized>true</uninitialized>
         <run_address>0x200010f0</run_address>
         <size>0x0</size>
      </object_component>
      <object_component id="oc-bf">
         <name>.debug_info</name>
         <load_address>0x0</load_address>
         <run_address>0x0</run_address>
         <size>0x170</size>
         <input_file_ref idref="fl-2"/>
      </object_component>
      <object_component id="oc-2a">
         <name>.debug_info</name>
         <load_address>0x170</load_address>
         <run_address>0x170</run_address>
         <size>0x84</size>
         <input_file_ref idref="fl-2"/>
      </object_component>
      <object_component id="oc-160">
         <name>.debug_info</name>
         <load_address>0x1f4</load_address>
         <run_address>0x1f4</run_address>
         <size>0xae</size>
         <input_file_ref idref="fl-2"/>
      </object_component>
      <object_component id="oc-c3">
         <name>.debug_info</name>
         <load_address>0x2a2</load_address>
         <run_address>0x2a2</run_address>
         <size>0x944</size>
         <input_file_ref idref="fl-3"/>
      </object_component>
      <object_component id="oc-84">
         <name>.debug_info</name>
         <load_address>0xbe6</load_address>
         <run_address>0xbe6</run_address>
         <size>0xf95</size>
         <input_file_ref idref="fl-3"/>
      </object_component>
      <object_component id="oc-133">
         <name>.debug_info</name>
         <load_address>0x1b7b</load_address>
         <run_address>0x1b7b</run_address>
         <size>0x30c</size>
         <input_file_ref idref="fl-3"/>
      </object_component>
      <object_component id="oc-179">
         <name>.debug_info</name>
         <load_address>0x1e87</load_address>
         <run_address>0x1e87</run_address>
         <size>0x26b</size>
         <input_file_ref idref="fl-3"/>
      </object_component>
      <object_component id="oc-183">
         <name>.debug_info</name>
         <load_address>0x20f2</load_address>
         <run_address>0x20f2</run_address>
         <size>0x3ce</size>
         <input_file_ref idref="fl-3"/>
      </object_component>
      <object_component id="oc-16f">
         <name>.debug_info</name>
         <load_address>0x24c0</load_address>
         <run_address>0x24c0</run_address>
         <size>0x4f</size>
         <input_file_ref idref="fl-3"/>
      </object_component>
      <object_component id="oc-188">
         <name>.debug_info</name>
         <load_address>0x250f</load_address>
         <run_address>0x250f</run_address>
         <size>0x2c</size>
         <input_file_ref idref="fl-3"/>
      </object_component>
      <object_component id="oc-154">
         <name>.debug_info</name>
         <load_address>0x253b</load_address>
         <run_address>0x253b</run_address>
         <size>0x2c</size>
         <input_file_ref idref="fl-3"/>
      </object_component>
      <object_component id="oc-18d">
         <name>.debug_info</name>
         <load_address>0x2567</load_address>
         <run_address>0x2567</run_address>
         <size>0x2a4</size>
         <input_file_ref idref="fl-3"/>
      </object_component>
      <object_component id="oc-cd">
         <name>.debug_info</name>
         <load_address>0x280b</load_address>
         <run_address>0x280b</run_address>
         <size>0xbb</size>
         <input_file_ref idref="fl-3"/>
      </object_component>
      <object_component id="oc-174">
         <name>.debug_info</name>
         <load_address>0x28c6</load_address>
         <run_address>0x28c6</run_address>
         <size>0x53</size>
         <input_file_ref idref="fl-3"/>
      </object_component>
      <object_component id="oc-d2">
         <name>.debug_info</name>
         <load_address>0x2919</load_address>
         <run_address>0x2919</run_address>
         <size>0x53</size>
         <input_file_ref idref="fl-3"/>
      </object_component>
      <object_component id="oc-17e">
         <name>.debug_info</name>
         <load_address>0x296c</load_address>
         <run_address>0x296c</run_address>
         <size>0x14c</size>
         <input_file_ref idref="fl-3"/>
      </object_component>
      <object_component id="oc-b4">
         <name>.debug_info</name>
         <load_address>0x2ab8</load_address>
         <run_address>0x2ab8</run_address>
         <size>0x63a</size>
         <input_file_ref idref="fl-4"/>
      </object_component>
      <object_component id="oc-1da">
         <name>.debug_info</name>
         <load_address>0x30f2</load_address>
         <run_address>0x30f2</run_address>
         <size>0x678</size>
         <input_file_ref idref="fl-6"/>
      </object_component>
      <object_component id="oc-12e">
         <name>.debug_info</name>
         <load_address>0x376a</load_address>
         <run_address>0x376a</run_address>
         <size>0x110</size>
         <input_file_ref idref="fl-6"/>
      </object_component>
      <object_component id="oc-1d5">
         <name>.debug_info</name>
         <load_address>0x387a</load_address>
         <run_address>0x387a</run_address>
         <size>0x3ce</size>
         <input_file_ref idref="fl-6"/>
      </object_component>
      <object_component id="oc-24c">
         <name>.debug_info</name>
         <load_address>0x3c48</load_address>
         <run_address>0x3c48</run_address>
         <size>0x62</size>
         <input_file_ref idref="fl-6"/>
      </object_component>
      <object_component id="oc-251">
         <name>.debug_info</name>
         <load_address>0x3caa</load_address>
         <run_address>0x3caa</run_address>
         <size>0x39</size>
         <input_file_ref idref="fl-6"/>
      </object_component>
      <object_component id="oc-203">
         <name>.debug_info</name>
         <load_address>0x3ce3</load_address>
         <run_address>0x3ce3</run_address>
         <size>0x4f</size>
         <input_file_ref idref="fl-6"/>
      </object_component>
      <object_component id="oc-1c0">
         <name>.debug_info</name>
         <load_address>0x3d32</load_address>
         <run_address>0x3d32</run_address>
         <size>0x376</size>
         <input_file_ref idref="fl-7"/>
      </object_component>
      <object_component id="oc-11c">
         <name>.debug_info</name>
         <load_address>0x40a8</load_address>
         <run_address>0x40a8</run_address>
         <size>0x49a</size>
         <input_file_ref idref="fl-7"/>
      </object_component>
      <object_component id="oc-12d">
         <name>.debug_info</name>
         <load_address>0x4542</load_address>
         <run_address>0x4542</run_address>
         <size>0x7a9</size>
         <input_file_ref idref="fl-8"/>
      </object_component>
      <object_component id="oc-a7">
         <name>.debug_info</name>
         <load_address>0x4ceb</load_address>
         <run_address>0x4ceb</run_address>
         <size>0x2b54</size>
         <input_file_ref idref="fl-8"/>
      </object_component>
      <object_component id="oc-1cb">
         <name>.debug_info</name>
         <load_address>0x783f</load_address>
         <run_address>0x783f</run_address>
         <size>0x1c7</size>
         <input_file_ref idref="fl-8"/>
      </object_component>
      <object_component id="oc-128">
         <name>.debug_info</name>
         <load_address>0x7a06</load_address>
         <run_address>0x7a06</run_address>
         <size>0x46</size>
         <input_file_ref idref="fl-8"/>
      </object_component>
      <object_component id="oc-1d0">
         <name>.debug_info</name>
         <load_address>0x7a4c</load_address>
         <run_address>0x7a4c</run_address>
         <size>0x35</size>
         <input_file_ref idref="fl-8"/>
      </object_component>
      <object_component id="oc-159">
         <name>.debug_info</name>
         <load_address>0x7a81</load_address>
         <run_address>0x7a81</run_address>
         <size>0x780</size>
         <input_file_ref idref="fl-9"/>
      </object_component>
      <object_component id="oc-13f">
         <name>.debug_info</name>
         <load_address>0x8201</load_address>
         <run_address>0x8201</run_address>
         <size>0x300</size>
         <input_file_ref idref="fl-9"/>
      </object_component>
      <object_component id="oc-142">
         <name>.debug_info</name>
         <load_address>0x8501</load_address>
         <run_address>0x8501</run_address>
         <size>0xf2</size>
         <input_file_ref idref="fl-9"/>
      </object_component>
      <object_component id="oc-14e">
         <name>.debug_info</name>
         <load_address>0x85f3</load_address>
         <run_address>0x85f3</run_address>
         <size>0xf2</size>
         <input_file_ref idref="fl-9"/>
      </object_component>
      <object_component id="oc-151">
         <name>.debug_info</name>
         <load_address>0x86e5</load_address>
         <run_address>0x86e5</run_address>
         <size>0xf2</size>
         <input_file_ref idref="fl-9"/>
      </object_component>
      <object_component id="oc-14b">
         <name>.debug_info</name>
         <load_address>0x87d7</load_address>
         <run_address>0x87d7</run_address>
         <size>0x135</size>
         <input_file_ref idref="fl-9"/>
      </object_component>
      <object_component id="oc-148">
         <name>.debug_info</name>
         <load_address>0x890c</load_address>
         <run_address>0x890c</run_address>
         <size>0xf2</size>
         <input_file_ref idref="fl-9"/>
      </object_component>
      <object_component id="oc-145">
         <name>.debug_info</name>
         <load_address>0x89fe</load_address>
         <run_address>0x89fe</run_address>
         <size>0xf3</size>
         <input_file_ref idref="fl-9"/>
      </object_component>
      <object_component id="oc-ad">
         <name>.debug_info</name>
         <load_address>0x8af1</load_address>
         <run_address>0x8af1</run_address>
         <size>0x339d</size>
         <input_file_ref idref="fl-9"/>
      </object_component>
      <object_component id="oc-15a">
         <name>.debug_info</name>
         <load_address>0xbe8e</load_address>
         <run_address>0xbe8e</run_address>
         <size>0x303</size>
         <input_file_ref idref="fl-9"/>
      </object_component>
      <object_component id="oc-208">
         <name>.debug_info</name>
         <load_address>0xc191</load_address>
         <run_address>0xc191</run_address>
         <size>0xf1</size>
         <input_file_ref idref="fl-9"/>
      </object_component>
      <object_component id="oc-1ed">
         <name>.debug_info</name>
         <load_address>0xc282</load_address>
         <run_address>0xc282</run_address>
         <size>0x827</size>
         <input_file_ref idref="fl-a"/>
      </object_component>
      <object_component id="oc-1e2">
         <name>.debug_info</name>
         <load_address>0xcaa9</load_address>
         <run_address>0xcaa9</run_address>
         <size>0xf2</size>
         <input_file_ref idref="fl-a"/>
      </object_component>
      <object_component id="oc-1e5">
         <name>.debug_info</name>
         <load_address>0xcb9b</load_address>
         <run_address>0xcb9b</run_address>
         <size>0xf2</size>
         <input_file_ref idref="fl-a"/>
      </object_component>
      <object_component id="oc-1df">
         <name>.debug_info</name>
         <load_address>0xcc8d</load_address>
         <run_address>0xcc8d</run_address>
         <size>0x12a</size>
         <input_file_ref idref="fl-a"/>
      </object_component>
      <object_component id="oc-1dc">
         <name>.debug_info</name>
         <load_address>0xcdb7</load_address>
         <run_address>0xcdb7</run_address>
         <size>0x116</size>
         <input_file_ref idref="fl-a"/>
      </object_component>
      <object_component id="oc-139">
         <name>.debug_info</name>
         <load_address>0xcecd</load_address>
         <run_address>0xcecd</run_address>
         <size>0x21d9</size>
         <input_file_ref idref="fl-a"/>
      </object_component>
      <object_component id="oc-1ee">
         <name>.debug_info</name>
         <load_address>0xf0a6</load_address>
         <run_address>0xf0a6</run_address>
         <size>0x1ce</size>
         <input_file_ref idref="fl-a"/>
      </object_component>
      <object_component id="oc-1e8">
         <name>.debug_info</name>
         <load_address>0xf274</load_address>
         <run_address>0xf274</run_address>
         <size>0x46</size>
         <input_file_ref idref="fl-a"/>
      </object_component>
      <object_component id="oc-1be">
         <name>.debug_info</name>
         <load_address>0xf2ba</load_address>
         <run_address>0xf2ba</run_address>
         <size>0x45d</size>
         <input_file_ref idref="fl-b"/>
      </object_component>
      <object_component id="oc-1bb">
         <name>.debug_info</name>
         <load_address>0xf717</load_address>
         <run_address>0xf717</run_address>
         <size>0x167</size>
         <input_file_ref idref="fl-b"/>
      </object_component>
      <object_component id="oc-1b8">
         <name>.debug_info</name>
         <load_address>0xf87e</load_address>
         <run_address>0xf87e</run_address>
         <size>0x172</size>
         <input_file_ref idref="fl-b"/>
      </object_component>
      <object_component id="oc-117">
         <name>.debug_info</name>
         <load_address>0xf9f0</load_address>
         <run_address>0xf9f0</run_address>
         <size>0x85c</size>
         <input_file_ref idref="fl-b"/>
      </object_component>
      <object_component id="oc-1b4">
         <name>.debug_info</name>
         <load_address>0x1024c</load_address>
         <run_address>0x1024c</run_address>
         <size>0x254</size>
         <input_file_ref idref="fl-c"/>
      </object_component>
      <object_component id="oc-1c8">
         <name>.debug_info</name>
         <load_address>0x104a0</load_address>
         <run_address>0x104a0</run_address>
         <size>0x40f</size>
         <input_file_ref idref="fl-d"/>
      </object_component>
      <object_component id="oc-1c5">
         <name>.debug_info</name>
         <load_address>0x108af</load_address>
         <run_address>0x108af</run_address>
         <size>0xed</size>
         <input_file_ref idref="fl-d"/>
      </object_component>
      <object_component id="oc-1c2">
         <name>.debug_info</name>
         <load_address>0x1099c</load_address>
         <run_address>0x1099c</run_address>
         <size>0xfb</size>
         <input_file_ref idref="fl-d"/>
      </object_component>
      <object_component id="oc-122">
         <name>.debug_info</name>
         <load_address>0x10a97</load_address>
         <run_address>0x10a97</run_address>
         <size>0x3c3</size>
         <input_file_ref idref="fl-d"/>
      </object_component>
      <object_component id="oc-16b">
         <name>.debug_info</name>
         <load_address>0x10e5a</load_address>
         <run_address>0x10e5a</run_address>
         <size>0x270</size>
         <input_file_ref idref="fl-e"/>
      </object_component>
      <object_component id="oc-b8">
         <name>.debug_info</name>
         <load_address>0x110ca</load_address>
         <run_address>0x110ca</run_address>
         <size>0x434</size>
         <input_file_ref idref="fl-e"/>
      </object_component>
      <object_component id="oc-32">
         <name>.debug_info</name>
         <load_address>0x114fe</load_address>
         <run_address>0x114fe</run_address>
         <size>0x119</size>
         <input_file_ref idref="fl-c8"/>
      </object_component>
      <object_component id="oc-77">
         <name>.debug_info</name>
         <load_address>0x11617</load_address>
         <run_address>0x11617</run_address>
         <size>0x147</size>
         <input_file_ref idref="fl-c9"/>
      </object_component>
      <object_component id="oc-167">
         <name>.debug_info</name>
         <load_address>0x1175e</load_address>
         <run_address>0x1175e</run_address>
         <size>0x13f</size>
         <input_file_ref idref="fl-ca"/>
      </object_component>
      <object_component id="oc-213">
         <name>.debug_info</name>
         <load_address>0x1189d</load_address>
         <run_address>0x1189d</run_address>
         <size>0x134</size>
         <input_file_ref idref="fl-cb"/>
      </object_component>
      <object_component id="oc-75">
         <name>.debug_info</name>
         <load_address>0x119d1</load_address>
         <run_address>0x119d1</run_address>
         <size>0x2d4</size>
         <input_file_ref idref="fl-cc"/>
      </object_component>
      <object_component id="oc-44">
         <name>.debug_info</name>
         <load_address>0x11ca5</load_address>
         <run_address>0x11ca5</run_address>
         <size>0x1b5</size>
         <input_file_ref idref="fl-cc"/>
      </object_component>
      <object_component id="oc-70">
         <name>.debug_info</name>
         <load_address>0x11e5a</load_address>
         <run_address>0x11e5a</run_address>
         <size>0x46</size>
         <input_file_ref idref="fl-cc"/>
      </object_component>
      <object_component id="oc-9b">
         <name>.debug_info</name>
         <load_address>0x11ea0</load_address>
         <run_address>0x11ea0</run_address>
         <size>0x2c</size>
         <input_file_ref idref="fl-cc"/>
      </object_component>
      <object_component id="oc-3a">
         <name>.debug_info</name>
         <load_address>0x11ecc</load_address>
         <run_address>0x11ecc</run_address>
         <size>0x2a8</size>
         <input_file_ref idref="fl-cd"/>
      </object_component>
      <object_component id="oc-1a">
         <name>.debug_info</name>
         <load_address>0x12174</load_address>
         <run_address>0x12174</run_address>
         <size>0x1ea</size>
         <input_file_ref idref="fl-cd"/>
      </object_component>
      <object_component id="oc-35">
         <name>.debug_info</name>
         <load_address>0x1235e</load_address>
         <run_address>0x1235e</run_address>
         <size>0x46</size>
         <input_file_ref idref="fl-cd"/>
      </object_component>
      <object_component id="oc-68">
         <name>.debug_info</name>
         <load_address>0x123a4</load_address>
         <run_address>0x123a4</run_address>
         <size>0x2c</size>
         <input_file_ref idref="fl-cd"/>
      </object_component>
      <object_component id="oc-66">
         <name>.debug_info</name>
         <load_address>0x123d0</load_address>
         <run_address>0x123d0</run_address>
         <size>0x29e</size>
         <input_file_ref idref="fl-ce"/>
      </object_component>
      <object_component id="oc-14">
         <name>.debug_info</name>
         <load_address>0x1266e</load_address>
         <run_address>0x1266e</run_address>
         <size>0x250</size>
         <input_file_ref idref="fl-ce"/>
      </object_component>
      <object_component id="oc-25">
         <name>.debug_info</name>
         <load_address>0x128be</load_address>
         <run_address>0x128be</run_address>
         <size>0x60</size>
         <input_file_ref idref="fl-ce"/>
      </object_component>
      <object_component id="oc-94">
         <name>.debug_info</name>
         <load_address>0x1291e</load_address>
         <run_address>0x1291e</run_address>
         <size>0x46</size>
         <input_file_ref idref="fl-ce"/>
      </object_component>
      <object_component id="oc-61">
         <name>.debug_info</name>
         <load_address>0x12964</load_address>
         <run_address>0x12964</run_address>
         <size>0x39</size>
         <input_file_ref idref="fl-ce"/>
      </object_component>
      <object_component id="oc-22">
         <name>.debug_info</name>
         <load_address>0x1299d</load_address>
         <run_address>0x1299d</run_address>
         <size>0x10b</size>
         <input_file_ref idref="fl-cf"/>
      </object_component>
      <object_component id="oc-51">
         <name>.debug_info</name>
         <load_address>0x12aa8</load_address>
         <run_address>0x12aa8</run_address>
         <size>0x1a9</size>
         <input_file_ref idref="fl-cf"/>
      </object_component>
      <object_component id="oc-20e">
         <name>.debug_info</name>
         <load_address>0x12c51</load_address>
         <run_address>0x12c51</run_address>
         <size>0x115</size>
         <input_file_ref idref="fl-d0"/>
      </object_component>
      <object_component id="oc-19d">
         <name>.debug_info</name>
         <load_address>0x12d66</load_address>
         <run_address>0x12d66</run_address>
         <size>0x4b3</size>
         <input_file_ref idref="fl-d1"/>
      </object_component>
      <object_component id="oc-e5">
         <name>.debug_info</name>
         <load_address>0x13219</load_address>
         <run_address>0x13219</run_address>
         <size>0x1a6</size>
         <input_file_ref idref="fl-d1"/>
      </object_component>
      <object_component id="oc-22a">
         <name>.debug_info</name>
         <load_address>0x133bf</load_address>
         <run_address>0x133bf</run_address>
         <size>0x39</size>
         <input_file_ref idref="fl-d1"/>
      </object_component>
      <object_component id="oc-265">
         <name>.debug_info</name>
         <load_address>0x133f8</load_address>
         <run_address>0x133f8</run_address>
         <size>0x39</size>
         <input_file_ref idref="fl-d1"/>
      </object_component>
      <object_component id="oc-22f">
         <name>.debug_info</name>
         <load_address>0x13431</load_address>
         <run_address>0x13431</run_address>
         <size>0x39</size>
         <input_file_ref idref="fl-d1"/>
      </object_component>
      <object_component id="oc-234">
         <name>.debug_info</name>
         <load_address>0x1346a</load_address>
         <run_address>0x1346a</run_address>
         <size>0xcd</size>
         <input_file_ref idref="fl-d1"/>
      </object_component>
      <object_component id="oc-80">
         <name>.debug_info</name>
         <load_address>0x13537</load_address>
         <run_address>0x13537</run_address>
         <size>0x153</size>
         <input_file_ref idref="fl-d2"/>
      </object_component>
      <object_component id="oc-da">
         <name>.debug_info</name>
         <load_address>0x1368a</load_address>
         <run_address>0x1368a</run_address>
         <size>0x122</size>
         <input_file_ref idref="fl-d4"/>
      </object_component>
      <object_component id="oc-2a0">
         <name>.debug_info</name>
         <load_address>0x137ac</load_address>
         <run_address>0x137ac</run_address>
         <size>0xa7</size>
      </object_component>
      <object_component id="oc-c1">
         <name>.debug_line</name>
         <load_address>0x0</load_address>
         <run_address>0x0</run_address>
         <size>0x6e</size>
         <input_file_ref idref="fl-2"/>
      </object_component>
      <object_component id="oc-2d">
         <name>.debug_line</name>
         <load_address>0x6e</load_address>
         <run_address>0x6e</run_address>
         <size>0x20</size>
         <input_file_ref idref="fl-2"/>
      </object_component>
      <object_component id="oc-163">
         <name>.debug_line</name>
         <load_address>0x8e</load_address>
         <run_address>0x8e</run_address>
         <size>0x69</size>
         <input_file_ref idref="fl-2"/>
      </object_component>
      <object_component id="oc-16e">
         <name>.debug_line</name>
         <load_address>0xf7</load_address>
         <run_address>0xf7</run_address>
         <size>0x157</size>
         <input_file_ref idref="fl-3"/>
      </object_component>
      <object_component id="oc-87">
         <name>.debug_line</name>
         <load_address>0x24e</load_address>
         <run_address>0x24e</run_address>
         <size>0x310</size>
         <input_file_ref idref="fl-3"/>
      </object_component>
      <object_component id="oc-136">
         <name>.debug_line</name>
         <load_address>0x55e</load_address>
         <run_address>0x55e</run_address>
         <size>0x6c</size>
         <input_file_ref idref="fl-3"/>
      </object_component>
      <object_component id="oc-17c">
         <name>.debug_line</name>
         <load_address>0x5ca</load_address>
         <run_address>0x5ca</run_address>
         <size>0x6f</size>
         <input_file_ref idref="fl-3"/>
      </object_component>
      <object_component id="oc-186">
         <name>.debug_line</name>
         <load_address>0x639</load_address>
         <run_address>0x639</run_address>
         <size>0x70</size>
         <input_file_ref idref="fl-3"/>
      </object_component>
      <object_component id="oc-172">
         <name>.debug_line</name>
         <load_address>0x6a9</load_address>
         <run_address>0x6a9</run_address>
         <size>0x6d</size>
         <input_file_ref idref="fl-3"/>
      </object_component>
      <object_component id="oc-18b">
         <name>.debug_line</name>
         <load_address>0x716</load_address>
         <run_address>0x716</run_address>
         <size>0x6e</size>
         <input_file_ref idref="fl-3"/>
      </object_component>
      <object_component id="oc-157">
         <name>.debug_line</name>
         <load_address>0x784</load_address>
         <run_address>0x784</run_address>
         <size>0x70</size>
         <input_file_ref idref="fl-3"/>
      </object_component>
      <object_component id="oc-190">
         <name>.debug_line</name>
         <load_address>0x7f4</load_address>
         <run_address>0x7f4</run_address>
         <size>0x73</size>
         <input_file_ref idref="fl-3"/>
      </object_component>
      <object_component id="oc-d0">
         <name>.debug_line</name>
         <load_address>0x867</load_address>
         <run_address>0x867</run_address>
         <size>0x70</size>
         <input_file_ref idref="fl-3"/>
      </object_component>
      <object_component id="oc-177">
         <name>.debug_line</name>
         <load_address>0x8d7</load_address>
         <run_address>0x8d7</run_address>
         <size>0x6b</size>
         <input_file_ref idref="fl-3"/>
      </object_component>
      <object_component id="oc-d5">
         <name>.debug_line</name>
         <load_address>0x942</load_address>
         <run_address>0x942</run_address>
         <size>0x7f</size>
         <input_file_ref idref="fl-3"/>
      </object_component>
      <object_component id="oc-181">
         <name>.debug_line</name>
         <load_address>0x9c1</load_address>
         <run_address>0x9c1</run_address>
         <size>0x6c</size>
         <input_file_ref idref="fl-3"/>
      </object_component>
      <object_component id="oc-b2">
         <name>.debug_line</name>
         <load_address>0xa2d</load_address>
         <run_address>0xa2d</run_address>
         <size>0x1bd</size>
         <input_file_ref idref="fl-4"/>
      </object_component>
      <object_component id="oc-24b">
         <name>.debug_line</name>
         <load_address>0xbea</load_address>
         <run_address>0xbea</run_address>
         <size>0x167</size>
         <input_file_ref idref="fl-6"/>
      </object_component>
      <object_component id="oc-131">
         <name>.debug_line</name>
         <load_address>0xd51</load_address>
         <run_address>0xd51</run_address>
         <size>0x6b</size>
         <input_file_ref idref="fl-6"/>
      </object_component>
      <object_component id="oc-1d8">
         <name>.debug_line</name>
         <load_address>0xdbc</load_address>
         <run_address>0xdbc</run_address>
         <size>0x70</size>
         <input_file_ref idref="fl-6"/>
      </object_component>
      <object_component id="oc-24f">
         <name>.debug_line</name>
         <load_address>0xe2c</load_address>
         <run_address>0xe2c</run_address>
         <size>0x3c</size>
         <input_file_ref idref="fl-6"/>
      </object_component>
      <object_component id="oc-254">
         <name>.debug_line</name>
         <load_address>0xe68</load_address>
         <run_address>0xe68</run_address>
         <size>0x74</size>
         <input_file_ref idref="fl-6"/>
      </object_component>
      <object_component id="oc-206">
         <name>.debug_line</name>
         <load_address>0xedc</load_address>
         <run_address>0xedc</run_address>
         <size>0x6e</size>
         <input_file_ref idref="fl-6"/>
      </object_component>
      <object_component id="oc-243">
         <name>.debug_line</name>
         <load_address>0xf4a</load_address>
         <run_address>0xf4a</run_address>
         <size>0x20</size>
         <input_file_ref idref="fl-7"/>
      </object_component>
      <object_component id="oc-11f">
         <name>.debug_line</name>
         <load_address>0xf6a</load_address>
         <run_address>0xf6a</run_address>
         <size>0xe7</size>
         <input_file_ref idref="fl-7"/>
      </object_component>
      <object_component id="oc-1ca">
         <name>.debug_line</name>
         <load_address>0x1051</load_address>
         <run_address>0x1051</run_address>
         <size>0x167</size>
         <input_file_ref idref="fl-8"/>
      </object_component>
      <object_component id="oc-a5">
         <name>.debug_line</name>
         <load_address>0x11b8</load_address>
         <run_address>0x11b8</run_address>
         <size>0x6ca</size>
         <input_file_ref idref="fl-8"/>
      </object_component>
      <object_component id="oc-1ce">
         <name>.debug_line</name>
         <load_address>0x1882</load_address>
         <run_address>0x1882</run_address>
         <size>0x35</size>
         <input_file_ref idref="fl-8"/>
      </object_component>
      <object_component id="oc-12b">
         <name>.debug_line</name>
         <load_address>0x18b7</load_address>
         <run_address>0x18b7</run_address>
         <size>0x6d</size>
         <input_file_ref idref="fl-8"/>
      </object_component>
      <object_component id="oc-1d3">
         <name>.debug_line</name>
         <load_address>0x1924</load_address>
         <run_address>0x1924</run_address>
         <size>0x74</size>
         <input_file_ref idref="fl-8"/>
      </object_component>
      <object_component id="oc-202">
         <name>.debug_line</name>
         <load_address>0x1998</load_address>
         <run_address>0x1998</run_address>
         <size>0x1b4</size>
         <input_file_ref idref="fl-9"/>
      </object_component>
      <object_component id="oc-1f4">
         <name>.debug_line</name>
         <load_address>0x1b4c</load_address>
         <run_address>0x1b4c</run_address>
         <size>0x35</size>
         <input_file_ref idref="fl-9"/>
      </object_component>
      <object_component id="oc-1f6">
         <name>.debug_line</name>
         <load_address>0x1b81</load_address>
         <run_address>0x1b81</run_address>
         <size>0x35</size>
         <input_file_ref idref="fl-9"/>
      </object_component>
      <object_component id="oc-1fe">
         <name>.debug_line</name>
         <load_address>0x1bb6</load_address>
         <run_address>0x1bb6</run_address>
         <size>0x35</size>
         <input_file_ref idref="fl-9"/>
      </object_component>
      <object_component id="oc-200">
         <name>.debug_line</name>
         <load_address>0x1beb</load_address>
         <run_address>0x1beb</run_address>
         <size>0x35</size>
         <input_file_ref idref="fl-9"/>
      </object_component>
      <object_component id="oc-1fc">
         <name>.debug_line</name>
         <load_address>0x1c20</load_address>
         <run_address>0x1c20</run_address>
         <size>0x35</size>
         <input_file_ref idref="fl-9"/>
      </object_component>
      <object_component id="oc-1fa">
         <name>.debug_line</name>
         <load_address>0x1c55</load_address>
         <run_address>0x1c55</run_address>
         <size>0x35</size>
         <input_file_ref idref="fl-9"/>
      </object_component>
      <object_component id="oc-1f8">
         <name>.debug_line</name>
         <load_address>0x1c8a</load_address>
         <run_address>0x1c8a</run_address>
         <size>0x35</size>
         <input_file_ref idref="fl-9"/>
      </object_component>
      <object_component id="oc-ab">
         <name>.debug_line</name>
         <load_address>0x1cbf</load_address>
         <run_address>0x1cbf</run_address>
         <size>0x854</size>
         <input_file_ref idref="fl-9"/>
      </object_component>
      <object_component id="oc-15d">
         <name>.debug_line</name>
         <load_address>0x2513</load_address>
         <run_address>0x2513</run_address>
         <size>0x6c</size>
         <input_file_ref idref="fl-9"/>
      </object_component>
      <object_component id="oc-20b">
         <name>.debug_line</name>
         <load_address>0x257f</load_address>
         <run_address>0x257f</run_address>
         <size>0x35</size>
         <input_file_ref idref="fl-9"/>
      </object_component>
      <object_component id="oc-25f">
         <name>.debug_line</name>
         <load_address>0x25b4</load_address>
         <run_address>0x25b4</run_address>
         <size>0x1b4</size>
         <input_file_ref idref="fl-a"/>
      </object_component>
      <object_component id="oc-25b">
         <name>.debug_line</name>
         <load_address>0x2768</load_address>
         <run_address>0x2768</run_address>
         <size>0x36</size>
         <input_file_ref idref="fl-a"/>
      </object_component>
      <object_component id="oc-25d">
         <name>.debug_line</name>
         <load_address>0x279e</load_address>
         <run_address>0x279e</run_address>
         <size>0x36</size>
         <input_file_ref idref="fl-a"/>
      </object_component>
      <object_component id="oc-259">
         <name>.debug_line</name>
         <load_address>0x27d4</load_address>
         <run_address>0x27d4</run_address>
         <size>0x36</size>
         <input_file_ref idref="fl-a"/>
      </object_component>
      <object_component id="oc-257">
         <name>.debug_line</name>
         <load_address>0x280a</load_address>
         <run_address>0x280a</run_address>
         <size>0x36</size>
         <input_file_ref idref="fl-a"/>
      </object_component>
      <object_component id="oc-13c">
         <name>.debug_line</name>
         <load_address>0x2840</load_address>
         <run_address>0x2840</run_address>
         <size>0x4cf</size>
         <input_file_ref idref="fl-a"/>
      </object_component>
      <object_component id="oc-1f1">
         <name>.debug_line</name>
         <load_address>0x2d0f</load_address>
         <run_address>0x2d0f</run_address>
         <size>0x36</size>
         <input_file_ref idref="fl-a"/>
      </object_component>
      <object_component id="oc-1eb">
         <name>.debug_line</name>
         <load_address>0x2d45</load_address>
         <run_address>0x2d45</run_address>
         <size>0x6e</size>
         <input_file_ref idref="fl-a"/>
      </object_component>
      <object_component id="oc-241">
         <name>.debug_line</name>
         <load_address>0x2db3</load_address>
         <run_address>0x2db3</run_address>
         <size>0x96</size>
         <input_file_ref idref="fl-b"/>
      </object_component>
      <object_component id="oc-23f">
         <name>.debug_line</name>
         <load_address>0x2e49</load_address>
         <run_address>0x2e49</run_address>
         <size>0x4a</size>
         <input_file_ref idref="fl-b"/>
      </object_component>
      <object_component id="oc-23d">
         <name>.debug_line</name>
         <load_address>0x2e93</load_address>
         <run_address>0x2e93</run_address>
         <size>0x4a</size>
         <input_file_ref idref="fl-b"/>
      </object_component>
      <object_component id="oc-116">
         <name>.debug_line</name>
         <load_address>0x2edd</load_address>
         <run_address>0x2edd</run_address>
         <size>0x189</size>
         <input_file_ref idref="fl-b"/>
      </object_component>
      <object_component id="oc-1b6">
         <name>.debug_line</name>
         <load_address>0x3066</load_address>
         <run_address>0x3066</run_address>
         <size>0xdf</size>
         <input_file_ref idref="fl-c"/>
      </object_component>
      <object_component id="oc-249">
         <name>.debug_line</name>
         <load_address>0x3145</load_address>
         <run_address>0x3145</run_address>
         <size>0x6c</size>
         <input_file_ref idref="fl-d"/>
      </object_component>
      <object_component id="oc-247">
         <name>.debug_line</name>
         <load_address>0x31b1</load_address>
         <run_address>0x31b1</run_address>
         <size>0x47</size>
         <input_file_ref idref="fl-d"/>
      </object_component>
      <object_component id="oc-245">
         <name>.debug_line</name>
         <load_address>0x31f8</load_address>
         <run_address>0x31f8</run_address>
         <size>0x47</size>
         <input_file_ref idref="fl-d"/>
      </object_component>
      <object_component id="oc-125">
         <name>.debug_line</name>
         <load_address>0x323f</load_address>
         <run_address>0x323f</run_address>
         <size>0xcc</size>
         <input_file_ref idref="fl-d"/>
      </object_component>
      <object_component id="oc-219">
         <name>.debug_line</name>
         <load_address>0x330b</load_address>
         <run_address>0x330b</run_address>
         <size>0x20</size>
         <input_file_ref idref="fl-e"/>
      </object_component>
      <object_component id="oc-bb">
         <name>.debug_line</name>
         <load_address>0x332b</load_address>
         <run_address>0x332b</run_address>
         <size>0x119</size>
         <input_file_ref idref="fl-e"/>
      </object_component>
      <object_component id="oc-31">
         <name>.debug_line</name>
         <load_address>0x3444</load_address>
         <run_address>0x3444</run_address>
         <size>0x88</size>
         <input_file_ref idref="fl-c8"/>
      </object_component>
      <object_component id="oc-7a">
         <name>.debug_line</name>
         <load_address>0x34cc</load_address>
         <run_address>0x34cc</run_address>
         <size>0x79</size>
         <input_file_ref idref="fl-c9"/>
      </object_component>
      <object_component id="oc-166">
         <name>.debug_line</name>
         <load_address>0x3545</load_address>
         <run_address>0x3545</run_address>
         <size>0x68</size>
         <input_file_ref idref="fl-ca"/>
      </object_component>
      <object_component id="oc-216">
         <name>.debug_line</name>
         <load_address>0x35ad</load_address>
         <run_address>0x35ad</run_address>
         <size>0x81</size>
         <input_file_ref idref="fl-cb"/>
      </object_component>
      <object_component id="oc-a1">
         <name>.debug_line</name>
         <load_address>0x362e</load_address>
         <run_address>0x362e</run_address>
         <size>0x92</size>
         <input_file_ref idref="fl-cc"/>
      </object_component>
      <object_component id="oc-46">
         <name>.debug_line</name>
         <load_address>0x36c0</load_address>
         <run_address>0x36c0</run_address>
         <size>0x53</size>
         <input_file_ref idref="fl-cc"/>
      </object_component>
      <object_component id="oc-73">
         <name>.debug_line</name>
         <load_address>0x3713</load_address>
         <run_address>0x3713</run_address>
         <size>0x34</size>
         <input_file_ref idref="fl-cc"/>
      </object_component>
      <object_component id="oc-9e">
         <name>.debug_line</name>
         <load_address>0x3747</load_address>
         <run_address>0x3747</run_address>
         <size>0x92</size>
         <input_file_ref idref="fl-cc"/>
      </object_component>
      <object_component id="oc-6e">
         <name>.debug_line</name>
         <load_address>0x37d9</load_address>
         <run_address>0x37d9</run_address>
         <size>0x20</size>
         <input_file_ref idref="fl-cd"/>
      </object_component>
      <object_component id="oc-19">
         <name>.debug_line</name>
         <load_address>0x37f9</load_address>
         <run_address>0x37f9</run_address>
         <size>0x55</size>
         <input_file_ref idref="fl-cd"/>
      </object_component>
      <object_component id="oc-38">
         <name>.debug_line</name>
         <load_address>0x384e</load_address>
         <run_address>0x384e</run_address>
         <size>0x3a</size>
         <input_file_ref idref="fl-cd"/>
      </object_component>
      <object_component id="oc-6b">
         <name>.debug_line</name>
         <load_address>0x3888</load_address>
         <run_address>0x3888</run_address>
         <size>0x92</size>
         <input_file_ref idref="fl-cd"/>
      </object_component>
      <object_component id="oc-9a">
         <name>.debug_line</name>
         <load_address>0x391a</load_address>
         <run_address>0x391a</run_address>
         <size>0x20</size>
         <input_file_ref idref="fl-ce"/>
      </object_component>
      <object_component id="oc-13">
         <name>.debug_line</name>
         <load_address>0x393a</load_address>
         <run_address>0x393a</run_address>
         <size>0xa9</size>
         <input_file_ref idref="fl-ce"/>
      </object_component>
      <object_component id="oc-28">
         <name>.debug_line</name>
         <load_address>0x39e3</load_address>
         <run_address>0x39e3</run_address>
         <size>0x3a</size>
         <input_file_ref idref="fl-ce"/>
      </object_component>
      <object_component id="oc-97">
         <name>.debug_line</name>
         <load_address>0x3a1d</load_address>
         <run_address>0x3a1d</run_address>
         <size>0x9a</size>
         <input_file_ref idref="fl-ce"/>
      </object_component>
      <object_component id="oc-64">
         <name>.debug_line</name>
         <load_address>0x3ab7</load_address>
         <run_address>0x3ab7</run_address>
         <size>0x96</size>
         <input_file_ref idref="fl-ce"/>
      </object_component>
      <object_component id="oc-60">
         <name>.debug_line</name>
         <load_address>0x3b4d</load_address>
         <run_address>0x3b4d</run_address>
         <size>0x33</size>
         <input_file_ref idref="fl-cf"/>
      </object_component>
      <object_component id="oc-4e">
         <name>.debug_line</name>
         <load_address>0x3b80</load_address>
         <run_address>0x3b80</run_address>
         <size>0x45</size>
         <input_file_ref idref="fl-cf"/>
      </object_component>
      <object_component id="oc-211">
         <name>.debug_line</name>
         <load_address>0x3bc5</load_address>
         <run_address>0x3bc5</run_address>
         <size>0x37</size>
         <input_file_ref idref="fl-d0"/>
      </object_component>
      <object_component id="oc-229">
         <name>.debug_line</name>
         <load_address>0x3bfc</load_address>
         <run_address>0x3bfc</run_address>
         <size>0xbf</size>
         <input_file_ref idref="fl-d1"/>
      </object_component>
      <object_component id="oc-e4">
         <name>.debug_line</name>
         <load_address>0x3cbb</load_address>
         <run_address>0x3cbb</run_address>
         <size>0x6f</size>
         <input_file_ref idref="fl-d1"/>
      </object_component>
      <object_component id="oc-22d">
         <name>.debug_line</name>
         <load_address>0x3d2a</load_address>
         <run_address>0x3d2a</run_address>
         <size>0x2e</size>
         <input_file_ref idref="fl-d1"/>
      </object_component>
      <object_component id="oc-268">
         <name>.debug_line</name>
         <load_address>0x3d58</load_address>
         <run_address>0x3d58</run_address>
         <size>0x9a</size>
         <input_file_ref idref="fl-d1"/>
      </object_component>
      <object_component id="oc-232">
         <name>.debug_line</name>
         <load_address>0x3df2</load_address>
         <run_address>0x3df2</run_address>
         <size>0x97</size>
         <input_file_ref idref="fl-d1"/>
      </object_component>
      <object_component id="oc-237">
         <name>.debug_line</name>
         <load_address>0x3e89</load_address>
         <run_address>0x3e89</run_address>
         <size>0x93</size>
         <input_file_ref idref="fl-d1"/>
      </object_component>
      <object_component id="oc-7e">
         <name>.debug_line</name>
         <load_address>0x3f1c</load_address>
         <run_address>0x3f1c</run_address>
         <size>0x40</size>
         <input_file_ref idref="fl-d2"/>
      </object_component>
      <object_component id="oc-dc">
         <name>.debug_line</name>
         <load_address>0x3f5c</load_address>
         <run_address>0x3f5c</run_address>
         <size>0x3c</size>
         <input_file_ref idref="fl-d4"/>
      </object_component>
      <object_component id="oc-bd">
         <name>.debug_frame</name>
         <load_address>0x0</load_address>
         <run_address>0x0</run_address>
         <size>0x6c</size>
         <input_file_ref idref="fl-2"/>
      </object_component>
      <object_component id="oc-83">
         <name>.debug_frame</name>
         <load_address>0x6c</load_address>
         <run_address>0x6c</run_address>
         <size>0x16c</size>
         <input_file_ref idref="fl-3"/>
      </object_component>
      <object_component id="oc-b1">
         <name>.debug_frame</name>
         <load_address>0x1d8</load_address>
         <run_address>0x1d8</run_address>
         <size>0x158</size>
         <input_file_ref idref="fl-4"/>
      </object_component>
      <object_component id="oc-120">
         <name>.debug_frame</name>
         <load_address>0x330</load_address>
         <run_address>0x330</run_address>
         <size>0xb8</size>
         <input_file_ref idref="fl-7"/>
      </object_component>
      <object_component id="oc-a6">
         <name>.debug_frame</name>
         <load_address>0x3e8</load_address>
         <run_address>0x3e8</run_address>
         <size>0x2e4</size>
         <input_file_ref idref="fl-8"/>
      </object_component>
      <object_component id="oc-ac">
         <name>.debug_frame</name>
         <load_address>0x6cc</load_address>
         <run_address>0x6cc</run_address>
         <size>0x454</size>
         <input_file_ref idref="fl-9"/>
      </object_component>
      <object_component id="oc-13d">
         <name>.debug_frame</name>
         <load_address>0xb20</load_address>
         <run_address>0xb20</run_address>
         <size>0x2fc</size>
         <input_file_ref idref="fl-a"/>
      </object_component>
      <object_component id="oc-11a">
         <name>.debug_frame</name>
         <load_address>0xe1c</load_address>
         <run_address>0xe1c</run_address>
         <size>0x110</size>
         <input_file_ref idref="fl-b"/>
      </object_component>
      <object_component id="oc-126">
         <name>.debug_frame</name>
         <load_address>0xf2c</load_address>
         <run_address>0xf2c</run_address>
         <size>0xa0</size>
         <input_file_ref idref="fl-d"/>
      </object_component>
      <object_component id="oc-b7">
         <name>.debug_frame</name>
         <load_address>0xfcc</load_address>
         <run_address>0xfcc</run_address>
         <size>0xd4</size>
         <input_file_ref idref="fl-e"/>
      </object_component>
      <object_component id="oc-42">
         <name>.debug_frame</name>
         <load_address>0x10a0</load_address>
         <run_address>0x10a0</run_address>
         <size>0x54</size>
         <input_file_ref idref="fl-cc"/>
      </object_component>
      <object_component id="oc-1d">
         <name>.debug_frame</name>
         <load_address>0x10f4</load_address>
         <run_address>0x10f4</run_address>
         <size>0x54</size>
         <input_file_ref idref="fl-cd"/>
      </object_component>
      <object_component id="oc-17">
         <name>.debug_frame</name>
         <load_address>0x1148</load_address>
         <run_address>0x1148</run_address>
         <size>0x60</size>
         <input_file_ref idref="fl-ce"/>
      </object_component>
      <object_component id="oc-4f">
         <name>.debug_frame</name>
         <load_address>0x11a8</load_address>
         <run_address>0x11a8</run_address>
         <size>0x50</size>
         <input_file_ref idref="fl-cf"/>
      </object_component>
      <object_component id="oc-e8">
         <name>.debug_frame</name>
         <load_address>0x11f8</load_address>
         <run_address>0x11f8</run_address>
         <size>0x5c</size>
         <input_file_ref idref="fl-d1"/>
      </object_component>
      <object_component id="oc-7f">
         <name>.debug_frame</name>
         <load_address>0x1254</load_address>
         <run_address>0x1254</run_address>
         <size>0x54</size>
         <input_file_ref idref="fl-d2"/>
      </object_component>
      <object_component id="oc-d8">
         <name>.debug_frame</name>
         <load_address>0x12a8</load_address>
         <run_address>0x12a8</run_address>
         <size>0x54</size>
         <input_file_ref idref="fl-d4"/>
      </object_component>
      <object_component id="oc-16c">
         <name>.debug_abbrev</name>
         <load_address>0x0</load_address>
         <run_address>0x0</run_address>
         <size>0x8d</size>
         <input_file_ref idref="fl-2"/>
      </object_component>
      <object_component id="oc-2c">
         <name>.debug_abbrev</name>
         <load_address>0x8d</load_address>
         <run_address>0x8d</run_address>
         <size>0x1f</size>
         <input_file_ref idref="fl-2"/>
      </object_component>
      <object_component id="oc-162">
         <name>.debug_abbrev</name>
         <load_address>0xac</load_address>
         <run_address>0xac</run_address>
         <size>0x35</size>
         <input_file_ref idref="fl-2"/>
      </object_component>
      <object_component id="oc-16d">
         <name>.debug_abbrev</name>
         <load_address>0xe1</load_address>
         <run_address>0xe1</run_address>
         <size>0x10a</size>
         <input_file_ref idref="fl-3"/>
      </object_component>
      <object_component id="oc-cc">
         <name>.debug_abbrev</name>
         <load_address>0x1eb</load_address>
         <run_address>0x1eb</run_address>
         <size>0x12e</size>
         <input_file_ref idref="fl-3"/>
      </object_component>
      <object_component id="oc-135">
         <name>.debug_abbrev</name>
         <load_address>0x319</load_address>
         <run_address>0x319</run_address>
         <size>0x9f</size>
         <input_file_ref idref="fl-3"/>
      </object_component>
      <object_component id="oc-17b">
         <name>.debug_abbrev</name>
         <load_address>0x3b8</load_address>
         <run_address>0x3b8</run_address>
         <size>0x69</size>
         <input_file_ref idref="fl-3"/>
      </object_component>
      <object_component id="oc-185">
         <name>.debug_abbrev</name>
         <load_address>0x421</load_address>
         <run_address>0x421</run_address>
         <size>0x70</size>
         <input_file_ref idref="fl-3"/>
      </object_component>
      <object_component id="oc-171">
         <name>.debug_abbrev</name>
         <load_address>0x491</load_address>
         <run_address>0x491</run_address>
         <size>0x33</size>
         <input_file_ref idref="fl-3"/>
      </object_component>
      <object_component id="oc-18a">
         <name>.debug_abbrev</name>
         <load_address>0x4c4</load_address>
         <run_address>0x4c4</run_address>
         <size>0x24</size>
         <input_file_ref idref="fl-3"/>
      </object_component>
      <object_component id="oc-156">
         <name>.debug_abbrev</name>
         <load_address>0x4e8</load_address>
         <run_address>0x4e8</run_address>
         <size>0x24</size>
         <input_file_ref idref="fl-3"/>
      </object_component>
      <object_component id="oc-18f">
         <name>.debug_abbrev</name>
         <load_address>0x50c</load_address>
         <run_address>0x50c</run_address>
         <size>0x5c</size>
         <input_file_ref idref="fl-3"/>
      </object_component>
      <object_component id="oc-cf">
         <name>.debug_abbrev</name>
         <load_address>0x568</load_address>
         <run_address>0x568</run_address>
         <size>0x24</size>
         <input_file_ref idref="fl-3"/>
      </object_component>
      <object_component id="oc-176">
         <name>.debug_abbrev</name>
         <load_address>0x58c</load_address>
         <run_address>0x58c</run_address>
         <size>0x24</size>
         <input_file_ref idref="fl-3"/>
      </object_component>
      <object_component id="oc-d4">
         <name>.debug_abbrev</name>
         <load_address>0x5b0</load_address>
         <run_address>0x5b0</run_address>
         <size>0x24</size>
         <input_file_ref idref="fl-3"/>
      </object_component>
      <object_component id="oc-180">
         <name>.debug_abbrev</name>
         <load_address>0x5d4</load_address>
         <run_address>0x5d4</run_address>
         <size>0x61</size>
         <input_file_ref idref="fl-3"/>
      </object_component>
      <object_component id="oc-15f">
         <name>.debug_abbrev</name>
         <load_address>0x635</load_address>
         <run_address>0x635</run_address>
         <size>0x7f</size>
         <input_file_ref idref="fl-4"/>
      </object_component>
      <object_component id="oc-24a">
         <name>.debug_abbrev</name>
         <load_address>0x6b4</load_address>
         <run_address>0x6b4</run_address>
         <size>0x111</size>
         <input_file_ref idref="fl-6"/>
      </object_component>
      <object_component id="oc-130">
         <name>.debug_abbrev</name>
         <load_address>0x7c5</load_address>
         <run_address>0x7c5</run_address>
         <size>0x5a</size>
         <input_file_ref idref="fl-6"/>
      </object_component>
      <object_component id="oc-1d7">
         <name>.debug_abbrev</name>
         <load_address>0x81f</load_address>
         <run_address>0x81f</run_address>
         <size>0x70</size>
         <input_file_ref idref="fl-6"/>
      </object_component>
      <object_component id="oc-24e">
         <name>.debug_abbrev</name>
         <load_address>0x88f</load_address>
         <run_address>0x88f</run_address>
         <size>0x4b</size>
         <input_file_ref idref="fl-6"/>
      </object_component>
      <object_component id="oc-253">
         <name>.debug_abbrev</name>
         <load_address>0x8da</load_address>
         <run_address>0x8da</run_address>
         <size>0x24</size>
         <input_file_ref idref="fl-6"/>
      </object_component>
      <object_component id="oc-205">
         <name>.debug_abbrev</name>
         <load_address>0x8fe</load_address>
         <run_address>0x8fe</run_address>
         <size>0x33</size>
         <input_file_ref idref="fl-6"/>
      </object_component>
      <object_component id="oc-242">
         <name>.debug_abbrev</name>
         <load_address>0x931</load_address>
         <run_address>0x931</run_address>
         <size>0x88</size>
         <input_file_ref idref="fl-7"/>
      </object_component>
      <object_component id="oc-1bf">
         <name>.debug_abbrev</name>
         <load_address>0x9b9</load_address>
         <run_address>0x9b9</run_address>
         <size>0x9b</size>
         <input_file_ref idref="fl-7"/>
      </object_component>
      <object_component id="oc-1c9">
         <name>.debug_abbrev</name>
         <load_address>0xa54</load_address>
         <run_address>0xa54</run_address>
         <size>0x129</size>
         <input_file_ref idref="fl-8"/>
      </object_component>
      <object_component id="oc-127">
         <name>.debug_abbrev</name>
         <load_address>0xb7d</load_address>
         <run_address>0xb7d</run_address>
         <size>0x10c</size>
         <input_file_ref idref="fl-8"/>
      </object_component>
      <object_component id="oc-1cd">
         <name>.debug_abbrev</name>
         <load_address>0xc89</load_address>
         <run_address>0xc89</run_address>
         <size>0x70</size>
         <input_file_ref idref="fl-8"/>
      </object_component>
      <object_component id="oc-12a">
         <name>.debug_abbrev</name>
         <load_address>0xcf9</load_address>
         <run_address>0xcf9</run_address>
         <size>0x24</size>
         <input_file_ref idref="fl-8"/>
      </object_component>
      <object_component id="oc-1d2">
         <name>.debug_abbrev</name>
         <load_address>0xd1d</load_address>
         <run_address>0xd1d</run_address>
         <size>0x33</size>
         <input_file_ref idref="fl-8"/>
      </object_component>
      <object_component id="oc-201">
         <name>.debug_abbrev</name>
         <load_address>0xd50</load_address>
         <run_address>0xd50</run_address>
         <size>0x132</size>
         <input_file_ref idref="fl-9"/>
      </object_component>
      <object_component id="oc-1f3">
         <name>.debug_abbrev</name>
         <load_address>0xe82</load_address>
         <run_address>0xe82</run_address>
         <size>0x3d</size>
         <input_file_ref idref="fl-9"/>
      </object_component>
      <object_component id="oc-1f5">
         <name>.debug_abbrev</name>
         <load_address>0xebf</load_address>
         <run_address>0xebf</run_address>
         <size>0x27</size>
         <input_file_ref idref="fl-9"/>
      </object_component>
      <object_component id="oc-1fd">
         <name>.debug_abbrev</name>
         <load_address>0xee6</load_address>
         <run_address>0xee6</run_address>
         <size>0x27</size>
         <input_file_ref idref="fl-9"/>
      </object_component>
      <object_component id="oc-1ff">
         <name>.debug_abbrev</name>
         <load_address>0xf0d</load_address>
         <run_address>0xf0d</run_address>
         <size>0x27</size>
         <input_file_ref idref="fl-9"/>
      </object_component>
      <object_component id="oc-1fb">
         <name>.debug_abbrev</name>
         <load_address>0xf34</load_address>
         <run_address>0xf34</run_address>
         <size>0x27</size>
         <input_file_ref idref="fl-9"/>
      </object_component>
      <object_component id="oc-1f9">
         <name>.debug_abbrev</name>
         <load_address>0xf5b</load_address>
         <run_address>0xf5b</run_address>
         <size>0x27</size>
         <input_file_ref idref="fl-9"/>
      </object_component>
      <object_component id="oc-1f7">
         <name>.debug_abbrev</name>
         <load_address>0xf82</load_address>
         <run_address>0xf82</run_address>
         <size>0x29</size>
         <input_file_ref idref="fl-9"/>
      </object_component>
      <object_component id="oc-153">
         <name>.debug_abbrev</name>
         <load_address>0xfab</load_address>
         <run_address>0xfab</run_address>
         <size>0xdf</size>
         <input_file_ref idref="fl-9"/>
      </object_component>
      <object_component id="oc-15c">
         <name>.debug_abbrev</name>
         <load_address>0x108a</load_address>
         <run_address>0x108a</run_address>
         <size>0x90</size>
         <input_file_ref idref="fl-9"/>
      </object_component>
      <object_component id="oc-20a">
         <name>.debug_abbrev</name>
         <load_address>0x111a</load_address>
         <run_address>0x111a</run_address>
         <size>0x4b</size>
         <input_file_ref idref="fl-9"/>
      </object_component>
      <object_component id="oc-25e">
         <name>.debug_abbrev</name>
         <load_address>0x1165</load_address>
         <run_address>0x1165</run_address>
         <size>0x129</size>
         <input_file_ref idref="fl-a"/>
      </object_component>
      <object_component id="oc-25a">
         <name>.debug_abbrev</name>
         <load_address>0x128e</load_address>
         <run_address>0x128e</run_address>
         <size>0x27</size>
         <input_file_ref idref="fl-a"/>
      </object_component>
      <object_component id="oc-25c">
         <name>.debug_abbrev</name>
         <load_address>0x12b5</load_address>
         <run_address>0x12b5</run_address>
         <size>0x27</size>
         <input_file_ref idref="fl-a"/>
      </object_component>
      <object_component id="oc-258">
         <name>.debug_abbrev</name>
         <load_address>0x12dc</load_address>
         <run_address>0x12dc</run_address>
         <size>0x27</size>
         <input_file_ref idref="fl-a"/>
      </object_component>
      <object_component id="oc-256">
         <name>.debug_abbrev</name>
         <load_address>0x1303</load_address>
[...]
         <value>0x3a0d</value>
         <object_component_ref idref="oc-b0"/>
      </symbol>
      <symbol id="sm-14e">
         <name>GPIO_BlueLedOn</name>
         <value>0x39f5</value>
         <object_component_ref idref="oc-b0"/>
      </symbol>
      <symbol id="sm-14f">
         <name>GPIO_RedLedOn</name>
         <value>0x39e9</value>
         <object_component_ref idref="oc-b0"/>
      </symbol>
      <symbol id="sm-183">
         <name>uxListRemove</name>
         <value>0x3dfb</value>
         <object_component_ref idref="oc-11b"/>
      </symbol>
      <symbol id="sm-184">
         <name>vListInsert</name>
         <value>0x3d95</value>
         <object_component_ref idref="oc-11b"/>
      </symbol>
      <symbol id="sm-185">
         <name>vListInitialiseItem</name>
         <value>0x3d49</value>
         <object_component_ref idref="oc-11b"/>
      </symbol>
      <symbol id="sm-186">
         <name>vListInsertEnd</name>
         <value>0x3d59</value>
         <object_component_ref idref="oc-11b"/>
      </symbol>
      <symbol id="sm-187">
         <name>vListInitialise</name>
         <value>0x3d19</value>
         <object_component_ref idref="oc-11b"/>
      </symbol>
      <symbol id="sm-29b">
         <name>xQueuePeekFromISR</name>
         <value>0x2279</value>
         <object_component_ref idref="oc-a4"/>
      </symbol>
      <symbol id="sm-29c">
         <name>xQueueIsQueueEmptyFromISR</name>
         <value>0x2583</value>
         <object_component_ref idref="oc-a4"/>
      </symbol>
      <symbol id="sm-29d">
         <name>xQueueGenericSendFromISR</name>
         <value>0x1ab9</value>
         <object_component_ref idref="oc-a4"/>
      </symbol>
      <symbol id="sm-29e">
         <name>uxQueueMessagesWaiting</name>
         <value>0x2329</value>
         <object_component_ref idref="oc-a4"/>
      </symbol>
      <symbol id="sm-29f">
         <name>xQueueIsQueueFullFromISR</name>
         <value>0x25dd</value>
         <object_component_ref idref="oc-a4"/>
      </symbol>
      <symbol id="sm-2a0">
         <name>xQueueGenericCreate</name>
         <value>0x1845</value>
         <object_component_ref idref="oc-a4"/>
      </symbol>
      <symbol id="sm-2a1">
         <name>xQueueGenericSend</name>
         <value>0x1901</value>
         <object_component_ref idref="oc-a4"/>
      </symbol>
      <symbol id="sm-2a2">
         <name>xQueueGenericReset</name>
         <value>0x1745</value>
         <object_component_ref idref="oc-a4"/>
      </symbol>
      <symbol id="sm-2a3">
         <name>xQueueReceiveFromISR</name>
         <value>0x2173</value>
         <object_component_ref idref="oc-a4"/>
      </symbol>
      <symbol id="sm-2a4">
         <name>uxQueueSpacesAvailable</name>
         <value>0x2353</value>
         <object_component_ref idref="oc-a4"/>
      </symbol>
      <symbol id="sm-2a5">
         <name>xQueueSemaphoreTake</name>
         <value>0x1e8d</value>
         <object_component_ref idref="oc-a4"/>
      </symbol>
      <symbol id="sm-2a6">
         <name>xQueueGiveFromISR</name>
         <value>0x1bf1</value>
         <object_component_ref idref="oc-a4"/>
      </symbol>
      <symbol id="sm-2a7">
         <name>uxQueueMessagesWaitingFromISR</name>
         <value>0x2387</value>
         <object_component_ref idref="oc-a4"/>
      </symbol>
      <symbol id="sm-2a8">
         <name>vQueueWaitForMessageRestricted</name>
         <value>0x2617</value>
         <object_component_ref idref="oc-a4"/>
      </symbol>
      <symbol id="sm-2a9">
         <name>vQueueDelete</name>
         <value>0x23b1</value>
         <object_component_ref idref="oc-a4"/>
      </symbol>
      <symbol id="sm-2aa">
         <name>xQueuePeek</name>
         <value>0x1ff5</value>
         <object_component_ref idref="oc-a4"/>
      </symbol>
      <symbol id="sm-2ab">
         <name>xQueueReceive</name>
         <value>0x1d15</value>
         <object_component_ref idref="oc-a4"/>
      </symbol>
      <symbol id="sm-46e">
         <name>vTaskDelay</name>
         <value>0x24d</value>
         <object_component_ref idref="oc-aa"/>
      </symbol>
      <symbol id="sm-46f">
         <name>vTaskSuspendAll</name>
         <value>0x331</value>
         <object_component_ref idref="oc-aa"/>
      </symbol>
      <symbol id="sm-470">
         <name>vTaskPlaceOnEventList</name>
         <value>0x841</value>
         <object_component_ref idref="oc-aa"/>
      </symbol>
      <symbol id="sm-471">
         <name>pcTaskGetName</name>
         <value>0x545</value>
         <object_component_ref idref="oc-aa"/>
      </symbol>
      <symbol id="sm-472">
         <name>xTaskCheckForTimeOut</name>
         <value>0xc99</value>
         <object_component_ref idref="oc-aa"/>
      </symbol>
      <symbol id="sm-473">
         <name>vTaskGenericNotifyGiveFromISR</name>
         <value>0x1445</value>
         <object_component_ref idref="oc-aa"/>
      </symbol>
      <symbol id="sm-474">
         <name>vTaskRemoveFromUnorderedEventList</name>
         <value>0xb05</value>
         <object_component_ref idref="oc-aa"/>
      </symbol>
      <symbol id="sm-475">
         <name>vTaskStartScheduler</name>
         <value>0x29f</value>
         <object_component_ref idref="oc-aa"/>
      </symbol>
      <symbol id="sm-476">
         <name>vTaskInternalSetTimeOutState</name>
         <value>0xc75</value>
         <object_component_ref idref="oc-aa"/>
      </symbol>
      <symbol id="sm-477">
         <name>xTaskGenericNotifyStateClear</name>
         <value>0x15f5</value>
         <object_component_ref idref="oc-aa"/>
      </symbol>
      <symbol id="sm-478">
         <name>xTaskGenericNotify</name>
         <value>0x1009</value>
         <object_component_ref idref="oc-aa"/>
      </symbol>
      <symbol id="sm-479">
         <name>xTaskCreate</name>
         <value>0x1</value>
         <object_component_ref idref="oc-aa"/>
      </symbol>
      <symbol id="sm-47a">
         <name>vTaskEndScheduler</name>
         <value>0x315</value>
         <object_component_ref idref="oc-aa"/>
      </symbol>
      <symbol id="sm-47b">
         <name>vTaskMissedYield</name>
         <value>0xd39</value>
         <object_component_ref idref="oc-aa"/>
      </symbol>
      <symbol id="sm-47c">
         <name>uxTaskGetNumberOfTasks</name>
         <value>0x52d</value>
         <object_component_ref idref="oc-aa"/>
      </symbol>
      <symbol id="sm-47d">
         <name>xTaskCatchUpTicks</name>
         <value>0x57d</value>
         <object_component_ref idref="oc-aa"/>
      </symbol>
      <symbol id="sm-47e">
         <name>xTaskGenericNotifyFromISR</name>
         <value>0x11ef</value>
         <object_component_ref idref="oc-aa"/>
      </symbol>
      <symbol id="sm-47f">
         <name>xTaskResumeAll</name>
         <value>0x349</value>
         <object_component_ref idref="oc-aa"/>
      </symbol>
      <symbol id="sm-480">
         <name>xTaskGetTickCount</name>
         <value>0x509</value>
         <object_component_ref idref="oc-aa"/>
      </symbol>
      <symbol id="sm-481">
         <name>ulTaskGenericNotifyTake</name>
         <value>0xe3f</value>
         <object_component_ref idref="oc-aa"/>
      </symbol>
      <symbol id="sm-482">
         <name>ulTaskGenericNotifyValueClear</name>
         <value>0x165d</value>
         <object_component_ref idref="oc-aa"/>
      </symbol>
      <symbol id="sm-483">
         <name>xTaskGenericNotifyWait</name>
         <value>0xf01</value>
         <object_component_ref idref="oc-aa"/>
      </symbol>
      <symbol id="sm-484">
         <name>pxCurrentTCB</name>
         <value>0x200012f0</value>
         <object_component_ref idref="oc-13e"/>
      </symbol>
      <symbol id="sm-485">
         <name>xTaskGetTickCountFromISR</name>
         <value>0x519</value>
         <object_component_ref idref="oc-aa"/>
      </symbol>
      <symbol id="sm-486">
         <name>uxTopUsedPriority</name>
         <value>0x43dc</value>
         <object_component_ref idref="oc-144"/>
      </symbol>
      <symbol id="sm-487">
         <name>vTaskPlaceOnEventListRestricted</name>
         <value>0x917</value>
         <object_component_ref idref="oc-aa"/>
      </symbol>
      <symbol id="sm-488">
         <name>vTaskSetTimeOutState</name>
         <value>0xc43</value>
         <object_component_ref idref="oc-aa"/>
      </symbol>
      <symbol id="sm-489">
         <name>xTaskIncrementTick</name>
         <value>0x5d9</value>
         <object_component_ref idref="oc-aa"/>
      </symbol>
      <symbol id="sm-48a">
         <name>vTaskSwitchContext</name>
         <value>0x7b5</value>
         <object_component_ref idref="oc-aa"/>
      </symbol>
      <symbol id="sm-48b">
         <name>uxTaskResetEventItemValue</name>
         <value>0xe1d</value>
         <object_component_ref idref="oc-aa"/>
      </symbol>
      <symbol id="sm-48c">
         <name>xTaskGetSchedulerState</name>
         <value>0xdf7</value>
         <object_component_ref idref="oc-aa"/>
      </symbol>
      <symbol id="sm-48d">
         <name>xTaskGetCurrentTaskHandle</name>
         <value>0xde7</value>
         <object_component_ref idref="oc-aa"/>
      </symbol>
      <symbol id="sm-48e">
         <name>vTaskPlaceOnUnorderedEventList</name>
         <value>0x885</value>
         <object_component_ref idref="oc-aa"/>
      </symbol>
      <symbol id="sm-48f">
         <name>xTaskRemoveFromEventList</name>
         <value>0x9a5</value>
         <object_component_ref idref="oc-aa"/>
      </symbol>
      <symbol id="sm-556">
         <name>xTimerGetTimerDaemonTaskHandle</name>
         <value>0x3061</value>
         <object_component_ref idref="oc-138"/>
      </symbol>
      <symbol id="sm-557">
         <name>pcTimerGetName</name>
         <value>0x3169</value>
         <object_component_ref idref="oc-138"/>
      </symbol>
      <symbol id="sm-558">
         <name>xTimerCreateTimerTask</name>
         <value>0x2f05</value>
         <object_component_ref idref="oc-138"/>
      </symbol>
      <symbol id="sm-559">
         <name>xTimerGetExpiryTime</name>
         <value>0x313b</value>
         <object_component_ref idref="oc-138"/>
      </symbol>
      <symbol id="sm-55a">
         <name>xTimerIsTimerActive</name>
         <value>0x3591</value>
         <object_component_ref idref="oc-138"/>
      </symbol>
      <symbol id="sm-55b">
         <name>xTimerGetPeriod</name>
         <value>0x3083</value>
         <object_component_ref idref="oc-138"/>
      </symbol>
      <symbol id="sm-55c">
         <name>xTimerGetReloadMode</name>
         <value>0x30f3</value>
         <object_component_ref idref="oc-138"/>
      </symbol>
      <symbol id="sm-55d">
         <name>xTimerCreate</name>
         <value>0x2f43</value>
         <object_component_ref idref="oc-138"/>
      </symbol>
      <symbol id="sm-55e">
         <name>vTimerSetReloadMode</name>
         <value>0x30a9</value>
         <object_component_ref idref="oc-138"/>
      </symbol>
      <symbol id="sm-55f">
         <name>xTimerGenericCommand</name>
         <value>0x2fe1</value>
         <object_component_ref idref="oc-138"/>
      </symbol>
      <symbol id="sm-560">
         <name>uxTimerGetReloadMode</name>
         <value>0x312f</value>
         <object_component_ref idref="oc-138"/>
      </symbol>
      <symbol id="sm-561">
         <name>pvTimerGetTimerID</name>
         <value>0x35cd</value>
         <object_component_ref idref="oc-138"/>
      </symbol>
      <symbol id="sm-562">
         <name>xTimerPendFunctionCallFromISR</name>
         <value>0x3629</value>
         <object_component_ref idref="oc-138"/>
      </symbol>
      <symbol id="sm-563">
         <name>xTimerPendFunctionCall</name>
         <value>0x365f</value>
         <object_component_ref idref="oc-138"/>
      </symbol>
      <symbol id="sm-564">
         <name>vTimerSetTimerID</name>
         <value>0x35fb</value>
         <object_component_ref idref="oc-138"/>
      </symbol>
      <symbol id="sm-5b5">
         <name>ulMaxSyscallInterruptPriority</name>
         <value>0x43d4</value>
         <object_component_ref idref="oc-1ba"/>
      </symbol>
      <symbol id="sm-5b6">
         <name>vPortSetupTimerInterrupt</name>
         <value>0x38bd</value>
         <object_component_ref idref="oc-115"/>
      </symbol>
      <symbol id="sm-5b7">
         <name>vPortEndScheduler</name>
         <value>0x3805</value>
         <object_component_ref idref="oc-115"/>
      </symbol>
      <symbol id="sm-5b8">
         <name>xPortSysTickHandler</name>
         <value>0x3897</value>
         <object_component_ref idref="oc-115"/>
      </symbol>
      <symbol id="sm-5b9">
         <name>vPortValidateInterruptPriority</name>
         <value>0x38d7</value>
         <object_component_ref idref="oc-115"/>
      </symbol>
      <symbol id="sm-5ba">
         <name>pxPortInitialiseStack</name>
         <value>0x36c1</value>
         <object_component_ref idref="oc-115"/>
      </symbol>
      <symbol id="sm-5bb">
         <name>vPortExitCritical</name>
         <value>0x386b</value>
         <object_component_ref idref="oc-115"/>
      </symbol>
      <symbol id="sm-5bc">
         <name>xPortStartScheduler</name>
         <value>0x374d</value>
         <object_component_ref idref="oc-115"/>
      </symbol>
      <symbol id="sm-5bd">
         <name>vPortEnterCritical</name>
         <value>0x3829</value>
         <object_component_ref idref="oc-115"/>
      </symbol>
      <symbol id="sm-5cc">
         <name>vPortStartFirstTask</name>
         <value>0x3eed</value>
         <object_component_ref idref="oc-1b2"/>
      </symbol>
      <symbol id="sm-5cd">
         <name>ulPortGetIPSR</name>
         <value>0x3e55</value>
         <object_component_ref idref="oc-1b2"/>
      </symbol>
      <symbol id="sm-5ce">
         <name>vPortEnableVFP</name>
         <value>0x3f11</value>
         <object_component_ref idref="oc-1b2"/>
      </symbol>
      <symbol id="sm-5cf">
         <name>xPortPendSVHandler</name>
         <value>0x3e6d</value>
         <object_component_ref idref="oc-1b2"/>
      </symbol>
      <symbol id="sm-5d0">
         <name>vPortSVCHandler</name>
         <value>0x3ecd</value>
         <object_component_ref idref="oc-1b2"/>
      </symbol>
      <symbol id="sm-5fa">
         <name>vPortInitialiseBlocks</name>
         <value>0x3fd1</value>
         <object_component_ref idref="oc-121"/>
      </symbol>
      <symbol id="sm-5fb">
         <name>xPortGetFreeHeapSize</name>
         <value>0x3fd9</value>
         <object_component_ref idref="oc-121"/>
      </symbol>
      <symbol id="sm-5fc">
         <name>pvPortMalloc</name>
         <value>0x3f21</value>
         <object_component_ref idref="oc-121"/>
      </symbol>
      <symbol id="sm-5fd">
         <name>vPortFree</name>
         <value>0x3fad</value>
         <object_component_ref idref="oc-121"/>
      </symbol>
      <symbol id="sm-62b">
         <name>UART0_SendInteger</name>
         <value>0x3c39</value>
         <object_component_ref idref="oc-b6"/>
      </symbol>
      <symbol id="sm-62c">
         <name>UART0_ReceiveByte</name>
         <value>0x3c03</value>
         <object_component_ref idref="oc-b6"/>
      </symbol>
      <symbol id="sm-62d">
         <name>UART0_SendByte</name>
         <value>0x3be7</value>
         <object_component_ref idref="oc-b6"/>
      </symbol>
      <symbol id="sm-62e">
         <name>UART0_Init</name>
         <value>0x3ba7</value>
         <object_component_ref idref="oc-b6"/>
      </symbol>
      <symbol id="sm-62f">
         <name>UART0_SendString</name>
         <value>0x3c13</value>
         <object_component_ref idref="oc-b6"/>
      </symbol>
      <symbol id="sm-64a">
         <name>memcpy</name>
         <value>0x40b5</value>
         <object_component_ref idref="oc-2f"/>
      </symbol>
      <symbol id="sm-64b">
         <name>__aeabi_memcpy</name>
         <value>0x40b5</value>
         <object_component_ref idref="oc-2f"/>
      </symbol>
      <symbol id="sm-64c">
         <name>__aeabi_memcpy8</name>
         <value>0x40b5</value>
         <object_component_ref idref="oc-2f"/>
      </symbol>
      <symbol id="sm-64d">
         <name>__aeabi_memcpy4</name>
         <value>0x40b5</value>
         <object_component_ref idref="oc-2f"/>
      </symbol>
      <symbol id="sm-65c">
         <name>__aeabi_memset</name>
         <value>0x41e9</value>
         <object_component_ref idref="oc-76"/>
      </symbol>
      <symbol id="sm-65d">
         <name>memset</name>
         <value>0x41ef</value>
         <object_component_ref idref="oc-76"/>
      </symbol>
      <symbol id="sm-65e">
         <name>__aeabi_memset8</name>
         <value>0x41e9</value>
         <object_component_ref idref="oc-76"/>
      </symbol>
      <symbol id="sm-65f">
         <name>__aeabi_memset4</name>
         <value>0x41e9</value>
         <object_component_ref idref="oc-76"/>
      </symbol>
      <symbol id="sm-660">
         <name>__aeabi_memclr8</name>
         <value>0x41e7</value>
         <object_component_ref idref="oc-76"/>
      </symbol>
      <symbol id="sm-661">
         <name>__aeabi_memclr4</name>
         <value>0x41e7</value>
         <object_component_ref idref="oc-76"/>
      </symbol>
      <symbol id="sm-662">
         <name>__aeabi_memclr</name>
         <value>0x41e7</value>
         <object_component_ref idref="oc-76"/>
      </symbol>
      <symbol id="sm-670">
         <name>__aeabi_ldivmod</name>
         <value>0x4261</value>
         <object_component_ref idref="oc-165"/>
      </symbol>
      <symbol id="sm-67d">
         <name>__aeabi_uldivmod</name>
         <value>0x4151</value>
         <object_component_ref idref="oc-212"/>
      </symbol>
      <symbol id="sm-694">
         <name>__TI_zero_init</name>
         <value>0x43bf</value>
         <object_component_ref idref="oc-41"/>
      </symbol>
      <symbol id="sm-6ab">
         <name>__TI_decompress_none</name>
         <value>0x43b1</value>
         <object_component_ref idref="oc-18"/>
      </symbol>
      <symbol id="sm-6ce">
         <name>__TI_decompress_lzss</name>
         <value>0x42cf</value>
         <object_component_ref idref="oc-12"/>
      </symbol>
      <symbol id="sm-6e1">
         <name>__stack</name>
         <value>0x200010f0</value>
         <object_component_ref idref="oc-21"/>
      </symbol>
      <symbol id="sm-6e2">
         <name>_c_int00_noargs</name>
         <value>0x437d</value>
         <object_component_ref idref="oc-4d"/>
      </symbol>
      <symbol id="sm-6ec">
         <name>__aeabi_idiv0</name>
         <value>0x2673</value>
         <object_component_ref idref="oc-20d"/>
      </symbol>
      <symbol id="sm-6ed">
         <name>__aeabi_ldiv0</name>
         <value>0x2673</value>
         <object_component_ref idref="oc-20d"/>
      </symbol>
      <symbol id="sm-715">
         <name>__TI_auto_init_nobinit_nopinit</name>
         <value>0x4339</value>
         <object_component_ref idref="oc-e3"/>
      </symbol>
      <symbol id="sm-71f">
         <name>_system_pre_init</name>
         <value>0x43cb</value>
         <object_component_ref idref="oc-7c"/>
      </symbol>
      <symbol id="sm-72b">
         <name>C$$EXIT</name>
         <value>0x43cf</value>
         <object_component_ref idref="oc-d7"/>
      </symbol>
      <symbol id="sm-72c">
         <name>abort</name>
         <value>0x43cf</value>
         <object_component_ref idref="oc-d7"/>
      </symbol>
      <symbol id="sm-72f">
         <name>__TI_static_base__</name>
         <value>0x0</value>
      </symbol>
      <symbol id="sm-732">
         <name>__mpu_init</name>
         <value>0x0</value>
      </symbol>
      <symbol id="sm-733">
         <name>_system_post_cinit</name>
         <value>0x0</value>
      </symbol>
   </symbol_table>
   <title>Link successful</title>
</link_info>
